../Core/Src/main.c:92:5:main	8	static
../Core/Src/main.c:179:6:SystemClock_Config	88	static
../Core/Src/main.c:220:13:MX_ADC1_Init	56	static
../Core/Src/main.c:288:13:MX_DAC1_Init	56	static
../Core/Src/main.c:335:13:MX_I2C2_Init	8	static
../Core/Src/main.c:383:13:MX_SPI2_Init	8	static
../Core/Src/main.c:423:13:MX_TIM1_Init	120	static
../Core/Src/main.c:505:13:MX_TIM16_Init	88	static
../Core/Src/main.c:567:13:MX_USART1_UART_Init	8	static
../Core/Src/main.c:615:13:MX_GPIO_Init	48	static
../Core/Src/main.c:694:6:Error_Handler	4	static,ignoring_inline_asm
